Microchip Technology Inc, v1.61 (B)

Tool Name:
  d:\program files\microchip\xc16\v1.61\bin\bin\..\bin/elf-ld.exe

Command:
  -p33EP512MU810 \
  --mdfp=C:/Users/MyPC/.mchp_packs/Microchip/dsPIC33E-GM-GP-MC-GU-MU_DFP/1.2.58/xc16 \
  -o \
  dist/default/production/4.2-PVG.production.elf \
  -Ld:/program files/microchip/xc16/v1.61/bin/bin/.. \
  -LC:/Users/MyPC/.mchp_packs/Microchip/dsPIC33E-GM-GP-MC-GU-MU_DFP/1.2.58/xc16/bin/../support/PIC24E/gld \
  -LC:/Users/MyPC/.mchp_packs/Microchip/dsPIC33E-GM-GP-MC-GU-MU_DFP/1.2.58/xc16/bin/../support/dsPIC33E/gld \
  -Ld:/program files/microchip/xc16/v1.61/bin/bin/../../lib \
  -Ld:/program files/microchip/xc16/v1.61/bin/bin/../../support/PIC24E/gld \
  -Ld:/program files/microchip/xc16/v1.61/bin/bin/../../support/PIC24F/gld \
  -Ld:/program files/microchip/xc16/v1.61/bin/bin/../../support/PIC24H/gld \
  -Ld:/program files/microchip/xc16/v1.61/bin/bin/../../support/dsPIC30F/gld \
  -Ld:/program files/microchip/xc16/v1.61/bin/bin/../../support/dsPIC33C/gld \
  -Ld:/program files/microchip/xc16/v1.61/bin/bin/../../support/dsPIC33E/gld \
  -Ld:/program files/microchip/xc16/v1.61/bin/bin/../../support/dsPIC33F/gld \
  build/default/production/mcc_generated_files/drivers/i2c_types.o \
  build/default/production/mcc_generated_files/drivers/i2c_master.o \
  build/default/production/mcc_generated_files/drivers/i2c_simple_master.o \
  build/default/production/mcc_generated_files/spi1.o \
  build/default/production/mcc_generated_files/reset.o \
  build/default/production/mcc_generated_files/system.o \
  build/default/production/mcc_generated_files/clock.o \
  build/default/production/mcc_generated_files/traps.o \
  build/default/production/mcc_generated_files/interrupt_manager.o \
  build/default/production/mcc_generated_files/mcc.o \
  build/default/production/mcc_generated_files/pin_manager.o \
  build/default/production/mcc_generated_files/tmr2.o \
  build/default/production/mcc_generated_files/uart1.o \
  build/default/production/mcc_generated_files/uart2.o \
  build/default/production/mcc_generated_files/EEPROM3_example.o \
  build/default/production/mcc_generated_files/EEPROM3_driver.o \
  build/default/production/mcc_generated_files/i2c2_driver.o \
  build/default/production/Modbus/ModbusTCPClient.o \
  build/default/production/Modbus/ModbusRTU_Slave.o \
  build/default/production/Modbus/ModbusRTU_Master.o \
  build/default/production/PV/Inverter/0_Inverter.o \
  build/default/production/PV/Inverter/1_SunGrow.o \
  build/default/production/PV/Weather/Weather.o \
  build/default/production/PV/PV.o \
  build/default/production/Framework/tcpip/src/common/arc4.o \
  build/default/production/Framework/tcpip/src/common/big_int.o \
  build/default/production/Framework/tcpip/src/common/delay.o \
  build/default/production/Framework/tcpip/src/common/hashes.o \
  build/default/production/Framework/tcpip/src/common/helpers.o \
  build/default/production/Framework/tcpip/src/common/mpfs2.o \
  build/default/production/Framework/tcpip/src/common/rsa.o \
  build/default/production/Framework/tcpip/src/common/stack_task.o \
  build/default/production/Framework/tcpip/src/common/tick.o \
  build/default/production/Framework/tcpip/src/common/big_int_helper.o \
  build/default/production/Framework/tcpip/src/arp.o \
  build/default/production/Framework/tcpip/src/custom_ssl_cert.o \
  build/default/production/Framework/tcpip/src/ddns.o \
  build/default/production/Framework/tcpip/src/dhcp_client.o \
  build/default/production/Framework/tcpip/src/dhcp_server.o \
  build/default/production/Framework/tcpip/src/dns_client.o \
  build/default/production/Framework/tcpip/src/dns_server.o \
  build/default/production/Framework/tcpip/src/enc28j60.o \
  build/default/production/Framework/tcpip/src/FTP.o \
  build/default/production/Framework/tcpip/src/http2.o \
  build/default/production/Framework/tcpip/src/icmp.o \
  build/default/production/Framework/tcpip/src/ip.o \
  build/default/production/Framework/tcpip/src/nbns.o \
  build/default/production/Framework/tcpip/src/random.o \
  build/default/production/Framework/tcpip/src/smtp.o \
  build/default/production/Framework/tcpip/src/ssl.o \
  build/default/production/Framework/tcpip/src/tcp.o \
  build/default/production/Framework/tcpip/src/telnet.o \
  build/default/production/Framework/tcpip/src/udp.o \
  build/default/production/Framework/tcpip/src/announce.o \
  build/default/production/main.o \
  build/default/production/user.o \
  --local-stack \
  --defsym=__MPLAB_BUILD=1 \
  -Tp33EP512MU810.gld.00 \
  --stack=16 \
  --check-sections \
  --data-init \
  --pack-data \
  --handles \
  --isr \
  --no-gc-sections \
  --fill-upper=0 \
  --stackguard=16 \
  --no-force-link \
  --smart-io \
  -Map=dist/default/production/4.2-PVG.production.map \
  --report-mem \
  --memorysummary \
  dist/default/production/memoryfile.xml \
  -start-group \
  --library=lega-pic30-elf \
  --library=m-elf \
  --library=lega-c-elf \
  -end-group \


[...]
Memory Configuration

Name             Origin             Length             Attributes
data             0x001000           0x00d000           a !xr
reset            0x000000           0x000004  
ivt              0x000004           0x0001fc  
program          0x000200           0x055600           xr
auxflash         0x7fc000           0x003ffa           xr
FGS              0xf80004           0x000002  
FOSCSEL          0xf80006           0x000002  
FOSC             0xf80008           0x000002  
FWDT             0xf8000a           0x000002  
FPOR             0xf8000c           0x000002  
FICD             0xf8000e           0x000002  
FAS              0xf80010           0x000002  
FUID0            0xf80012           0x000002  
*default*        0x000000           0xffffffff  

Linker script and memory map

LOAD build/default/production/mcc_generated_files/drivers/i2c_types.o
LOAD build/default/production/mcc_generated_files/drivers/i2c_master.o
LOAD build/default/production/mcc_generated_files/drivers/i2c_simple_master.o
LOAD build/default/production/mcc_generated_files/spi1.o
LOAD build/default/production/mcc_generated_files/reset.o
LOAD build/default/production/mcc_generated_files/system.o
LOAD build/default/production/mcc_generated_files/clock.o
LOAD build/default/production/mcc_generated_files/traps.o
LOAD build/default/production/mcc_generated_files/interrupt_manager.o
LOAD build/default/production/mcc_generated_files/mcc.o
LOAD build/default/production/mcc_generated_files/pin_manager.o
LOAD build/default/production/mcc_generated_files/tmr2.o
LOAD build/default/production/mcc_generated_files/uart1.o
LOAD build/default/production/mcc_generated_files/uart2.o
LOAD build/default/production/mcc_generated_files/EEPROM3_example.o
LOAD build/default/production/mcc_generated_files/EEPROM3_driver.o
LOAD build/default/production/mcc_generated_files/i2c2_driver.o
LOAD build/default/production/Modbus/ModbusTCPClient.o
LOAD build/default/production/Modbus/ModbusRTU_Slave.o
LOAD build/default/production/Modbus/ModbusRTU_Master.o
LOAD build/default/production/PV/Inverter/0_Inverter.o
LOAD build/default/production/PV/Inverter/1_SunGrow.o
LOAD build/default/production/PV/Weather/Weather.o
LOAD build/default/production/PV/PV.o
LOAD build/default/production/Framework/tcpip/src/common/arc4.o
LOAD build/default/production/Framework/tcpip/src/common/big_int.o
LOAD build/default/production/Framework/tcpip/src/common/delay.o
LOAD build/default/production/Framework/tcpip/src/common/hashes.o
LOAD build/default/production/Framework/tcpip/src/common/helpers.o
LOAD build/default/production/Framework/tcpip/src/common/mpfs2.o
LOAD build/default/production/Framework/tcpip/src/common/rsa.o
LOAD build/default/production/Framework/tcpip/src/common/stack_task.o
LOAD build/default/production/Framework/tcpip/src/common/tick.o
LOAD build/default/production/Framework/tcpip/src/common/big_int_helper.o
LOAD build/default/production/Framework/tcpip/src/arp.o
LOAD build/default/production/Framework/tcpip/src/custom_ssl_cert.o
LOAD build/default/production/Framework/tcpip/src/ddns.o
LOAD build/default/production/Framework/tcpip/src/dhcp_client.o
LOAD build/default/production/Framework/tcpip/src/dhcp_server.o
LOAD build/default/production/Framework/tcpip/src/dns_client.o
LOAD build/default/production/Framework/tcpip/src/dns_server.o
LOAD build/default/production/Framework/tcpip/src/enc28j60.o
LOAD build/default/production/Framework/tcpip/src/FTP.o
LOAD build/default/production/Framework/tcpip/src/http2.o
LOAD build/default/production/Framework/tcpip/src/icmp.o
LOAD build/default/production/Framework/tcpip/src/ip.o
LOAD build/default/production/Framework/tcpip/src/nbns.o
LOAD build/default/production/Framework/tcpip/src/random.o
LOAD build/default/production/Framework/tcpip/src/smtp.o
LOAD build/default/production/Framework/tcpip/src/ssl.o
LOAD build/default/production/Framework/tcpip/src/tcp.o
LOAD build/default/production/Framework/tcpip/src/telnet.o
LOAD build/default/production/Framework/tcpip/src/udp.o
LOAD build/default/production/Framework/tcpip/src/announce.o
LOAD build/default/production/main.o
LOAD build/default/production/user.o
                    0x0001                  __MPLAB_BUILD = 0x1
LOAD p33EP512MU810
LOAD d:/program files/microchip/xc16/v1.61/bin/bin/../../lib\libfx-elf.a
                    0xf80004                  __FGS = 0xf80004
                    0xf80006                  __FOSCSEL = 0xf80006
                    0xf80008                  __FOSC = 0xf80008
                    0xf8000a                  __FWDT = 0xf8000a
                    0xf8000c                  __FPOR = 0xf8000c
                    0xf8000e                  __FICD = 0xf8000e
                    0xf80010                  __FAS = 0xf80010
                    0xf80012                  __FUID0 = 0xf80012
                    0x0200                  __CODE_BASE = 0x200
                    0x55600                  __CODE_LENGTH = 0x55600
                    0x0004                  __IVT_BASE = 0x4
                    0x1000                  __DATA_BASE = 0x1000
                    0xd000                  __DATA_LENGTH = 0xd000
                    0x9000                  __YDATA_BASE = 0x9000
                    0xd000                  __DMA_BASE = 0xd000
                    0xdfff                  __DMA_END = 0xdfff

.reset            0x000000          0x4
                  0x000000          0x2 SHORT 0x200 ABSOLUTE (__reset)
                  0x000001          0x2 SHORT 0x4
                  0x000002          0x2 SHORT 0x0 ((ABSOLUTE (__reset) >> 0x10) & 0x7f)
                  0x000003          0x2 SHORT 0x0

.text             0x000200       0x1a2a
 *(.init)
 .init            0x000200         0x48 d:/program files/microchip/xc16/v1.61/bin/bin/../../lib\liblega-pic30-elf.a(crt0_extendedep.o)
                  0x000200                  __resetPRI
                  0x000200                  __reset
                  0x00023c                  __psv_init
 .init            0x000248         0xb2 d:/program files/microchip/xc16/v1.61/bin/bin/../../lib\liblega-pic30-elf.a(data_init_extended.o)
                  0x000248                  __data_init
                  0x000248                  __data_init_extended
 *(.user_init)
 *(.handle)
 .handle          0x0002fa         0xa4 jump_table
 *(.isr*)
 .isrerror_handler
                  0x00039e        0x100 build/default/production/mcc_generated_files/traps.o
                  0x00039e                  __OscillatorFail
                  0x0003c0                  __StackError
                  0x0003e6                  __AddressError
                  0x000408                  __MathError
                  0x00042a                  __DMACError
                  0x00044c                  __HardTrapError
                  0x00046e                  __SoftTrapError
 .isr.text        0x00049e         0x36 build/default/production/mcc_generated_files/tmr2.o
                  0x00049e                  __T2Interrupt
 .isr.text        0x0004d4         0xe6 build/default/production/mcc_generated_files/uart1.o
                  0x0004d4                  __U1TXInterrupt
                  0x000536                  __U1RXInterrupt
                  0x0005a4                  __U1ErrInterrupt
 .isr.text        0x0005ba         0xe6 build/default/production/mcc_generated_files/uart2.o
                  0x0005ba                  __U2TXInterrupt
                  0x00061c                  __U2RXInterrupt
                  0x00068a                  __U2ErrInterrupt
 .isr.text        0x0006a0         0x3c build/default/production/mcc_generated_files/i2c2_driver.o
                  0x0006a0                  __MI2C2Interrupt
                  0x0006be                  __SI2C2Interrupt
 .isr.text        0x0006dc         0x18 build/default/production/Framework/tcpip/src/common/tick.o
                  0x0006dc                  __T1Interrupt
 .isr             0x0006f4          0x4 default_isr
                  0x0006f4                  __DefaultInterrupt
 *(.libc)
 .libc            0x0006f8         0x12 d:/program files/microchip/xc16/v1.61/bin/bin/../../lib\liblega-pic30-elf.a(closeep.Leo)
                  0x0006f8                  _close
 .libc            0x00070a         0x12 d:/program files/microchip/xc16/v1.61/bin/bin/../../lib\liblega-pic30-elf.a(removeep.Leo)
                  0x00070a                  _remove
 .libc            0x00071c         0x28 d:/program files/microchip/xc16/v1.61/bin/bin/../../lib\liblega-pic30-elf.a(sbrkep.Leo)
                  0x00071c                  _sbrk
 .libc            0x000744         0x1a d:/program files/microchip/xc16/v1.61/bin/bin/../../lib\liblega-pic30-elf.a(brkep.Lelo)
                  0x000744                  _brk
 *(.libm)
 *(.libdsp)
 *(.lib*)
 .libc.write      0x00075e         0x3c build/default/production/mcc_generated_files/uart2.o
                  0x00075e                  _write
 .libpic30_crt_start_mode
                  0x00079a          0x2 d:/program files/microchip/xc16/v1.61/bin/bin/../../lib\liblega-pic30-elf.a(crt_start_mode_normalep.Leo)
                  0x00079a                  __crt_start_mode
                  0x00079a                  __crt_start_mode_normal
 .libm.subsf3     0x00079c         0xbc d:/program files/microchip/xc16/v1.61/bin/bin/../../lib\libm-elf.a(addsf3.epeo)
                  0x00079c                  ___subsf3
                  0x00079e                  ___addsf3
 .libm.gtsf2      0x000858          0x4 d:/program files/microchip/xc16/v1.61/bin/bin/../../lib\libm-elf.a(fgtge.epeo)
                  0x000858                  ___gesf2
                  0x000858                  ___gtsf2
 .libm.floatunsisf
                  0x00085c          0x4 d:/program files/microchip/xc16/v1.61/bin/bin/../../lib\libm-elf.a(floatunsisf.epeo)
                  0x00085c                  ___floatunsisf
 .libm.fpack      0x000860         0x4c d:/program files/microchip/xc16/v1.61/bin/bin/../../lib\libm-elf.a(fpack.epeo)
                  0x000860                  __fpack
 .libm.funpack2
                  0x0008ac         0x10 d:/program files/microchip/xc16/v1.61/bin/bin/../../lib\libm-elf.a(funpack2.epeo)
                  0x0008ac                  __funpack2
 .libm.fPropagateNaN
                  0x0008bc         0x12 d:/program files/microchip/xc16/v1.61/bin/bin/../../lib\libm-elf.a(futil.epeo)
                  0x0008bc                  __fPropagateNaN
 .libm.fbobExit
                  0x0008ce          0x8 d:/program files/microchip/xc16/v1.61/bin/bin/../../lib\libm-elf.a(futil.epeo)
                  0x0008ce                  __fbopExit
 .libm.fbopReturnNaN
                  0x0008d6          0x6 d:/program files/microchip/xc16/v1.61/bin/bin/../../lib\libm-elf.a(futil.epeo)
                  0x0008d6                  __fbopReturnNaN
 .libm.udivsi3    0x0008dc         0x20 d:/program files/microchip/xc16/v1.61/bin/bin/../../lib\libm-elf.a(udivsi3.epeo)
                  0x0008dc                  ___udivsi3
 .libm.__PplusBdi
                  0x0008fc         0x26 d:/program files/microchip/xc16/v1.61/bin/bin/../../lib\libm-elf.a(divmoddi3.epeo)
 .libm.__PminusBdi
                  0x000922         0x2a d:/program files/microchip/xc16/v1.61/bin/bin/../../lib\libm-elf.a(divmoddi3.epeo)
 .libm.__udivmoddi3
                  0x00094c         0xe6 d:/program files/microchip/xc16/v1.61/bin/bin/../../lib\libm-elf.a(divmoddi3.epeo)
                  0x00094c                  ___udivmoddi3
 .libm.__udivdi3
                  0x000a32          0xe d:/program files/microchip/xc16/v1.61/bin/bin/../../lib\libm-elf.a(divmoddi3.epeo)
                  0x000a32                  ___udivdi3
 .libm.__umoddi3
                  0x000a40          0x8 d:/program files/microchip/xc16/v1.61/bin/bin/../../lib\libm-elf.a(divmoddi3.epeo)
                  0x000a40                  ___umoddi3
 .libm.__divdi3
                  0x000a48         0x60 d:/program files/microchip/xc16/v1.61/bin/bin/../../lib\libm-elf.a(divmoddi3.epeo)
                  0x000a48                  ___divdi3
 .libm.__moddi3
                  0x000aa8         0x5c d:/program files/microchip/xc16/v1.61/bin/bin/../../lib\libm-elf.a(divmoddi3.epeo)
                  0x000aa8                  ___moddi3
 .libm.fcompare
                  0x000b04         0x36 d:/program files/microchip/xc16/v1.61/bin/bin/../../lib\libm-elf.a(fcompare.epeo)
                  0x000b04                  __fcompare
 .libm.floatundisf
                  0x000b3a         0x5e d:/program files/microchip/xc16/v1.61/bin/bin/../../lib\libm-elf.a(floatundisf.epeo)
                  0x000b3a                  ___floatundisf
 .libm.funpack    0x000b98         0x2a d:/program files/microchip/xc16/v1.61/bin/bin/../../lib\libm-elf.a(funpack.epeo)
                  0x000b98                  __funpack
 .libc.puts       0x000bc2         0x16 d:/program files/microchip/xc16/v1.61/bin/bin/../../lib\liblega-c-elf.a(puts.EP_eo)
                  0x000bc2                  _puts
 .libc.fputc      0x000bd8         0x4e d:/program files/microchip/xc16/v1.61/bin/bin/../../lib\liblega-c-elf.a(fputc.EP_elo)
                  0x000bd8                  _fputc
 .libc.fputs      0x000c26         0x9a d:/program files/microchip/xc16/v1.61/bin/bin/../../lib\liblega-c-elf.a(fputs.EP_elo)
                  0x000c26                  _fputs
 .libc.memcmp     0x000cc0         0x30 d:/program files/microchip/xc16/v1.61/bin/bin/../../lib\liblega-c-elf.a(memcmp.EP_elo)
                  0x000cc0                  _memcmp
 .libc.memcpy     0x000cf0         0x1c d:/program files/microchip/xc16/v1.61/bin/bin/../../lib\liblega-c-elf.a(memcpy.EP_elo)
                  0x000cf0                  _memcpy
 .libc.memset     0x000d0c         0x18 d:/program files/microchip/xc16/v1.61/bin/bin/../../lib\liblega-c-elf.a(memset.EP_elo)
                  0x000d0c                  _memset
 .libc.strlen     0x000d24         0x12 d:/program files/microchip/xc16/v1.61/bin/bin/../../lib\liblega-c-elf.a(strlen.EP_elo)
                  0x000d24                  _strlen
 .libc.strncpy    0x000d36         0x36 d:/program files/microchip/xc16/v1.61/bin/bin/../../lib\liblega-c-elf.a(strncpy.EP_elo)
                  0x000d36                  _strncpy
 .libc.strrchr    0x000d6c         0x1c d:/program files/microchip/xc16/v1.61/bin/bin/../../lib\liblega-c-elf.a(strrchr.EP_elo)
                  0x000d6c                  _strrchr
 .libc._Fwprep    0x000d88         0x90 d:/program files/microchip/xc16/v1.61/bin/bin/../../lib\liblega-c-elf.a(xfwprep.EP_elo)
                  0x000d88                  __Fwprep
 .libc.prout      0x000e18         0x24 d:/program files/microchip/xc16/v1.61/bin/bin/../../lib\liblega-c-elf.a(printf_cdnopuxXL.EPelo)
                  0x000e18                  printf_cdnopuxXL.EPelo:_prout
 .libc._printf_cdnopuxXL
                  0x000e3c         0x10 d:/program files/microchip/xc16/v1.61/bin/bin/../../lib\liblega-c-elf.a(printf_cdnopuxXL.EPelo)
                  0x000e3c                  __printf_cdnopuxX
                  0x000e3c                  __printf_cdnopuxXL
 .libc.eprout     0x000e4c         0x22 d:/program files/microchip/xc16/v1.61/bin/bin/../../lib\liblega-c-elf.a(xprintf_cdnopuxXL.EPelo)
                  0x000e4c                  xprintf_cdnopuxXL.EPelo:_eprout
 .libc.__ePrintf_cdnopuxXL
                  0x000e6e        0x18a d:/program files/microchip/xc16/v1.61/bin/bin/../../lib\liblega-c-elf.a(xprintf_cdnopuxXL.EPelo)
                  0x000e6e                  ___ePrintf_cdnopuxXL
 .libc.__Printf_cdnopuxXL
                  0x000ff8          0xa d:/program files/microchip/xc16/v1.61/bin/bin/../../lib\liblega-c-elf.a(xprintf_cdnopuxXL.EPelo)
                  0x000ff8                  ___Printf_cdnopuxXL
                  0x000ff8                  ___Printf_cdnopuxX
 .libc.__Putfld_cdnopuxXL
                  0x001002        0x248 d:/program files/microchip/xc16/v1.61/bin/bin/../../lib\liblega-c-elf.a(xputfld_cdnopuxXL.EPelo)
                  0x001002                  ___Putfld_cdnopuxXL
                  0x001002                  ___Putfld_cdnopuxX
 .libc.closeallreg
                  0x00124a          0x4 d:/program files/microchip/xc16/v1.61/bin/bin/../../lib\liblega-c-elf.a(fclose.EP_eo)
 .libc._Closreg
                  0x00124e         0x12 d:/program files/microchip/xc16/v1.61/bin/bin/../../lib\liblega-c-elf.a(fclose.EP_eo)
                  0x00124e                  __Closreg
 .libc.fclose     0x001260         0x84 d:/program files/microchip/xc16/v1.61/bin/bin/../../lib\liblega-c-elf.a(fclose.EP_eo)
                  0x001260                  _fclose
 .libc.closeall
                  0x0012e4         0x16 d:/program files/microchip/xc16/v1.61/bin/bin/../../lib\liblega-c-elf.a(fclose.EP_eo)
                  0x0012e4                  fclose.EP_eo:_closeall
 .libc._DNKfflush
                  0x0012fa         0x76 d:/program files/microchip/xc16/v1.61/bin/bin/../../lib\liblega-c-elf.a(fflush.EP_eo)
                  0x0012fa                  __DNKfflush
 .libc.strchr     0x001370         0x18 d:/program files/microchip/xc16/v1.61/bin/bin/../../lib\liblega-c-elf.a(strchr.EP_eo)
                  0x001370                  _strchr
 .libc._Atexit    0x001388         0x1a d:/program files/microchip/xc16/v1.61/bin/bin/../../lib\liblega-c-elf.a(xatexit.EP_eo)
                  0x001388                  __Atexit
 .libc._Vacopy    0x0013a2          0x4 d:/program files/microchip/xc16/v1.61/bin/bin/../../lib\liblega-c-elf.a(xvacopy.EP_eo)
                  0x0013a2                  __Vacopy
 .libc.free       0x0013a6         0x72 d:/program files/microchip/xc16/v1.61/bin/bin/../../lib\liblega-c-elf.a(free.EP_elo)
                  0x0013a6                  _free
 .libc.fwrite     0x001418         0xd4 d:/program files/microchip/xc16/v1.61/bin/bin/../../lib\liblega-c-elf.a(fwrite.EP_elo)
                  0x001418                  _fwrite
 .libc.findmem    0x0014ec         0x78 d:/program files/microchip/xc16/v1.61/bin/bin/../../lib\liblega-c-elf.a(malloc.EP_elo)
 .libc.malloc     0x001564         0x6e d:/program files/microchip/xc16/v1.61/bin/bin/../../lib\liblega-c-elf.a(malloc.EP_elo)
                  0x001564                  _malloc
 .libc.memchr     0x0015d2         0x24 d:/program files/microchip/xc16/v1.61/bin/bin/../../lib\liblega-c-elf.a(memchr.EP_elo)
                  0x0015d2                  _memchr
 .libc._Getmem    0x0015f6         0x18 d:/program files/microchip/xc16/v1.61/bin/bin/../../lib\liblega-c-elf.a(xgetmem.EP_elo)
                  0x0015f6                  __Getmem
 .libc._Litob     0x00160e        0x294 d:/program files/microchip/xc16/v1.61/bin/bin/../../lib\liblega-c-elf.a(xlitob.EP_elo)
                  0x00160e                  __Litob
 .libc._Puttxt    0x0018a2        0x1b8 d:/program files/microchip/xc16/v1.61/bin/bin/../../lib\liblega-c-elf.a(xputtxt.EP_elo)
                  0x0018a2                  __Puttxt
 .libc.efwrite    0x001a5a        0x10c d:/program files/microchip/xc16/v1.61/bin/bin/../../lib\liblega-c-elf.a(efwrite.EP_elo)
                  0x001a5a                  _efwrite
 .libc.doclose    0x001b66          0x4 d:/program files/microchip/xc16/v1.61/bin/bin/../../lib\liblega-pic30-elf.a(closeep.Leo)
 .libc.doremove
                  0x001b6a          0x4 d:/program files/microchip/xc16/v1.61/bin/bin/../../lib\liblega-pic30-elf.a(removeep.Leo)
 .libc.memcpy_eds
                  0x001b6e         0x52 d:/program files/microchip/xc16/v1.61/bin/bin/../../lib\liblega-pic30-elf.a(memcpy_edsep.Leo)
                  0x001b6e                  __memcpy_eds_3
                  0x001b6e                  __memcpy_eds
 .libc._memchr_eds
                  0x001bc0         0x3a d:/program files/microchip/xc16/v1.61/bin/bin/../../lib\liblega-pic30-elf.a(memchr_edsep.Lelo)
                  0x001bc0                  __memchr_eds
 .libm.divsi3     0x001bfa         0x1e d:/program files/microchip/xc16/v1.61/bin/bin/../../lib\libm-elf.a(divsi3.epeo)
                  0x001bfa                  ___divsi3
 .libm.umodsi3    0x001c18          0x6 d:/program files/microchip/xc16/v1.61/bin/bin/../../lib\libm-elf.a(umodsi3.epeo)
                  0x001c18                  ___umodsi3
 .libm.mulsi3     0x001c1e          0xc d:/program files/microchip/xc16/v1.61/bin/bin/../../lib\libm-elf.a(mulsi3.epeo)
                  0x001c1e                  ___mulp32peds3
                  0x001c1e                  ___mulsi3
                  0x001c1e                  ___mulp32eds3

usercode
 *(usercode)

__FGS             0xf80004          0x2
 *(__FGS.sec*)
 __FGS.sec        0xf80004          0x2 /CW/_FGS`‚,
                  0xf80004                  __FGS.sec

__FOSCSEL
 *(__FOSCSEL.sec*)

__FOSC
 *(__FOSC.sec*)

__FWDT
 *(__FWDT.sec*)

__FPOR
 *(__FPOR.sec*)

__FICD
 *(__FICD.sec*)

__FAS
 *(__FAS.sec*)

__FUID0
 *(__FUID0.sec*)

.comment          0x000000         0x5e
 *(.comment)
 .comment         0x000000         0x5e d:/program files/microchip/xc16/v1.61/bin/bin/../../lib\liblega-c-elf.a(xfiles.EP_eo)

.debug_info       0x000000      0x21da5
 *(.debug_info)
 .debug_info      0x000000        0x295 build/default/production/mcc_generated_files/drivers/i2c_types.o
 .debug_info      0x000295        0xc6b build/default/production/mcc_generated_files/drivers/i2c_master.o
 .debug_info      0x000f00        0x62b build/default/production/mcc_generated_files/drivers/i2c_simple_master.o
 .debug_info      0x00152b        0x915 build/default/production/mcc_generated_files/spi1.o
 .debug_info      0x001e40        0x48e build/default/production/mcc_generated_files/reset.o
 .debug_info      0x0022ce        0x506 build/default/production/mcc_generated_files/system.o
 .debug_info      0x0027d4        0x495 build/default/production/mcc_generated_files/clock.o
 .debug_info      0x002c69        0x5e5 build/default/production/mcc_generated_files/traps.o
 .debug_info      0x00324e        0xbd7 build/default/production/mcc_generated_files/interrupt_manager.o
 .debug_info      0x003e25       0x126d build/default/production/mcc_generated_files/pin_manager.o
 .debug_info      0x005092        0x8bc build/default/production/mcc_generated_files/tmr2.o
 .debug_info      0x00594e       0x1117 build/default/production/mcc_generated_files/uart1.o
 .debug_info      0x006a65       0x117f build/default/production/mcc_generated_files/uart2.o
 .debug_info      0x007be4        0x4a0 build/default/production/mcc_generated_files/EEPROM3_example.o
 .debug_info      0x008084        0x9dd build/default/production/mcc_generated_files/EEPROM3_driver.o
 .debug_info      0x008a61       0x110b build/default/production/mcc_generated_files/i2c2_driver.o
 .debug_info      0x009b6c       0x205a build/default/production/Modbus/ModbusTCPClient.o
 .debug_info      0x00bbc6       0x1554 build/default/production/Modbus/ModbusRTU_Slave.o
 .debug_info      0x00d11a       0x198d build/default/production/Modbus/ModbusRTU_Master.o
 .debug_info      0x00eaa7        0xd63 build/default/production/PV/Inverter/0_Inverter.o
 .debug_info      0x00f80a        0xc59 build/default/production/PV/Inverter/1_SunGrow.o
 .debug_info      0x010463        0xbc0 build/default/production/PV/Weather/Weather.o
 .debug_info      0x011023        0xa3a build/default/production/PV/PV.o
 .debug_info      0x011a5d        0x157 build/default/production/Framework/tcpip/src/common/arc4.o
 .debug_info      0x011bb4        0x15a build/default/production/Framework/tcpip/src/common/big_int.o
 .debug_info      0x011d0e        0x1f2 build/default/production/Framework/tcpip/src/common/delay.o
 .debug_info      0x011f00        0x159 build/default/production/Framework/tcpip/src/common/hashes.o
 .debug_info      0x012059       0x1016 build/default/production/Framework/tcpip/src/common/helpers.o
 .debug_info      0x01306f        0x158 build/default/production/Framework/tcpip/src/common/mpfs2.o
 .debug_info      0x0131c7        0x156 build/default/production/Framework/tcpip/src/common/rsa.o
 .debug_info      0x01331d        0x99f build/default/production/Framework/tcpip/src/common/stack_task.o
 .debug_info      0x013cbc        0xe76 build/default/production/Framework/tcpip/src/common/tick.o
 .debug_info      0x014b32         0xaa build/default/production/Framework/tcpip/src/common/big_int_helper.o
 .debug_info      0x014bdc        0xb14 build/default/production/Framework/tcpip/src/arp.o
 .debug_info      0x0156f0        0x152 build/default/production/Framework/tcpip/src/custom_ssl_cert.o
 .debug_info      0x015842        0x150 build/default/production/Framework/tcpip/src/ddns.o
 .debug_info      0x015992        0x157 build/default/production/Framework/tcpip/src/dhcp_client.o
 .debug_info      0x015ae9        0x157 build/default/production/Framework/tcpip/src/dhcp_server.o
 .debug_info      0x015c40        0xd5d build/default/production/Framework/tcpip/src/dns_client.o
 .debug_info      0x01699d        0x156 build/default/production/Framework/tcpip/src/dns_server.o
 .debug_info      0x016af3       0x2f2a build/default/production/Framework/tcpip/src/enc28j60.o
 .debug_info      0x019a1d        0x128 build/default/production/Framework/tcpip/src/FTP.o
 .debug_info      0x019b45        0x151 build/default/production/Framework/tcpip/src/http2.o
 .debug_info      0x019c96        0xa82 build/default/production/Framework/tcpip/src/icmp.o
 .debug_info      0x01a718        0xaca build/default/production/Framework/tcpip/src/ip.o
 .debug_info      0x01b1e2        0xc61 build/default/production/Framework/tcpip/src/nbns.o
 .debug_info      0x01be43        0x152 build/default/production/Framework/tcpip/src/random.o
 .debug_info      0x01bf95        0x150 build/default/production/Framework/tcpip/src/smtp.o
 .debug_info      0x01c0e5        0x14f build/default/production/Framework/tcpip/src/ssl.o
 .debug_info      0x01c234       0x2178 build/default/production/Framework/tcpip/src/tcp.o
 .debug_info      0x01e3ac        0x152 build/default/production/Framework/tcpip/src/telnet.o
 .debug_info      0x01e4fe       0x1150 build/default/production/Framework/tcpip/src/udp.o
 .debug_info      0x01f64e        0xb44 build/default/production/Framework/tcpip/src/announce.o
 .debug_info      0x020192        0x888 build/default/production/main.o
 .debug_info      0x020a1a       0x138b build/default/production/user.o
 *(.gnu.linkonce.wi.*)

.debug_abbrev     0x000000       0x3a50
 *(.debug_abbrev)
 .debug_abbrev    0x000000         0x88 build/default/production/mcc_generated_files/drivers/i2c_types.o
 .debug_abbrev    0x000088        0x21a build/default/production/mcc_generated_files/drivers/i2c_master.o
 .debug_abbrev    0x0002a2        0x106 build/default/production/mcc_generated_files/drivers/i2c_simple_master.o
 .debug_abbrev    0x0003a8        0x158 build/default/production/mcc_generated_files/spi1.o
 .debug_abbrev    0x000500         0xf6 build/default/production/mcc_generated_files/reset.o
 .debug_abbrev    0x0005f6        0x114 build/default/production/mcc_generated_files/system.o
 .debug_abbrev    0x00070a         0xc5 build/default/production/mcc_generated_files/clock.o
 .debug_abbrev    0x0007cf        0x10d build/default/production/mcc_generated_files/traps.o
 .debug_abbrev    0x0008dc         0xb4 build/default/production/mcc_generated_files/interrupt_manager.o
 .debug_abbrev    0x000990          0x1 build/default/production/mcc_generated_files/mcc.o
 .debug_abbrev    0x000991         0xc5 build/default/production/mcc_generated_files/pin_manager.o
 .debug_abbrev    0x000a56        0x18d build/default/production/mcc_generated_files/tmr2.o
 .debug_abbrev    0x000be3        0x21c build/default/production/mcc_generated_files/uart1.o
 .debug_abbrev    0x000dff        0x223 build/default/production/mcc_generated_files/uart2.o
 .debug_abbrev    0x001022         0xc5 build/default/production/mcc_generated_files/EEPROM3_example.o
 .debug_abbrev    0x0010e7        0x1bd build/default/production/mcc_generated_files/EEPROM3_driver.o
 .debug_abbrev    0x0012a4        0x18f build/default/production/mcc_generated_files/i2c2_driver.o
 .debug_abbrev    0x001433        0x294 build/default/production/Modbus/ModbusTCPClient.o
 .debug_abbrev    0x0016c7        0x284 build/default/production/Modbus/ModbusRTU_Slave.o
 .debug_abbrev    0x00194b        0x2ce build/default/production/Modbus/ModbusRTU_Master.o
 .debug_abbrev    0x001c19        0x174 build/default/production/PV/Inverter/0_Inverter.o
 .debug_abbrev    0x001d8d        0x159 build/default/production/PV/Inverter/1_SunGrow.o
 .debug_abbrev    0x001ee6        0x197 build/default/production/PV/Weather/Weather.o
 .debug_abbrev    0x00207d        0x163 build/default/production/PV/PV.o
 .debug_abbrev    0x0021e0         0x1f build/default/production/Framework/tcpip/src/common/arc4.o
 .debug_abbrev    0x0021ff         0x1f build/default/production/Framework/tcpip/src/common/big_int.o
 .debug_abbrev    0x00221e         0x68 build/default/production/Framework/tcpip/src/common/delay.o
 .debug_abbrev    0x002286         0x1f build/default/production/Framework/tcpip/src/common/hashes.o
 .debug_abbrev    0x0022a5        0x1a7 build/default/production/Framework/tcpip/src/common/helpers.o
 .debug_abbrev    0x00244c         0x1f build/default/production/Framework/tcpip/src/common/mpfs2.o
 .debug_abbrev    0x00246b         0x1f build/default/production/Framework/tcpip/src/common/rsa.o
 .debug_abbrev    0x00248a        0x10b build/default/production/Framework/tcpip/src/common/stack_task.o
 .debug_abbrev    0x002595        0x1c3 build/default/production/Framework/tcpip/src/common/tick.o
 .debug_abbrev    0x002758         0x14 build/default/production/Framework/tcpip/src/common/big_int_helper.o
 .debug_abbrev    0x00276c        0x1a6 build/default/production/Framework/tcpip/src/arp.o
 .debug_abbrev    0x002912         0x1f build/default/production/Framework/tcpip/src/custom_ssl_cert.o
 .debug_abbrev    0x002931         0x1f build/default/production/Framework/tcpip/src/ddns.o
 .debug_abbrev    0x002950         0x1f build/default/production/Framework/tcpip/src/dhcp_client.o
 .debug_abbrev    0x00296f         0x1f build/default/production/Framework/tcpip/src/dhcp_server.o
 .debug_abbrev    0x00298e        0x17a build/default/production/Framework/tcpip/src/dns_client.o
 .debug_abbrev    0x002b08         0x1f build/default/production/Framework/tcpip/src/dns_server.o
 .debug_abbrev    0x002b27        0x28e build/default/production/Framework/tcpip/src/enc28j60.o
 .debug_abbrev    0x002db5         0x1f build/default/production/Framework/tcpip/src/FTP.o
 .debug_abbrev    0x002dd4         0x1f build/default/production/Framework/tcpip/src/http2.o
 .debug_abbrev    0x002df3        0x138 build/default/production/Framework/tcpip/src/icmp.o
 .debug_abbrev    0x002f2b        0x133 build/default/production/Framework/tcpip/src/ip.o
 .debug_abbrev    0x00305e        0x167 build/default/production/Framework/tcpip/src/nbns.o
 .debug_abbrev    0x0031c5         0x1f build/default/production/Framework/tcpip/src/random.o
 .debug_abbrev    0x0031e4         0x1f build/default/production/Framework/tcpip/src/smtp.o
 .debug_abbrev    0x003203         0x1f build/default/production/Framework/tcpip/src/ssl.o
 .debug_abbrev    0x003222        0x21f build/default/production/Framework/tcpip/src/tcp.o
 .debug_abbrev    0x003441         0x1f build/default/production/Framework/tcpip/src/telnet.o
 .debug_abbrev    0x003460        0x1e4 build/default/production/Framework/tcpip/src/udp.o
 .debug_abbrev    0x003644        0x116 build/default/production/Framework/tcpip/src/announce.o
 .debug_abbrev    0x00375a         0xd8 build/default/production/main.o
 .debug_abbrev    0x003832        0x21e build/default/production/user.o

.debug_line       0x000000       0x5018
 *(.debug_line)
 .debug_line      0x000000         0x6e build/default/production/mcc_generated_files/drivers/i2c_types.o
 .debug_line      0x00006e        0x1a0 build/default/production/mcc_generated_files/drivers/i2c_master.o
 .debug_line      0x00020e        0x152 build/default/production/mcc_generated_files/drivers/i2c_simple_master.o
 .debug_line      0x000360        0x163 build/default/production/mcc_generated_files/spi1.o
 .debug_line      0x0004c3        0x15d build/default/production/mcc_generated_files/reset.o
 .debug_line      0x000620        0x15f build/default/production/mcc_generated_files/system.o
 .debug_line      0x00077f        0x122 build/default/production/mcc_generated_files/clock.o
 .debug_line      0x0008a1        0x154 build/default/production/mcc_generated_files/traps.o
 .debug_line      0x0009f5        0x126 build/default/production/mcc_generated_files/interrupt_manager.o
 .debug_line      0x000b1b         0x1a build/default/production/mcc_generated_files/mcc.o
 .debug_line      0x000b35        0x14a build/default/production/mcc_generated_files/pin_manager.o
 .debug_line      0x000c7f        0x15b build/default/production/mcc_generated_files/tmr2.o
 .debug_line      0x000dda        0x201 build/default/production/mcc_generated_files/uart1.o
 .debug_line      0x000fdb        0x21c build/default/production/mcc_generated_files/uart2.o
 .debug_line      0x0011f7        0x11b build/default/production/mcc_generated_files/EEPROM3_example.o
 .debug_line      0x001312        0x1ff build/default/production/mcc_generated_files/EEPROM3_driver.o
 .debug_line      0x001511        0x1b7 build/default/production/mcc_generated_files/i2c2_driver.o
 .debug_line      0x0016c8        0x3a3 build/default/production/Modbus/ModbusTCPClient.o
 .debug_line      0x001a6b        0x2cb build/default/production/Modbus/ModbusRTU_Slave.o
 .debug_line      0x001d36        0x2ef build/default/production/Modbus/ModbusRTU_Master.o
 .debug_line      0x002025        0x1ae build/default/production/PV/Inverter/0_Inverter.o
 .debug_line      0x0021d3        0x284 build/default/production/PV/Inverter/1_SunGrow.o
 .debug_line      0x002457        0x1ec build/default/production/PV/Weather/Weather.o
 .debug_line      0x002643        0x18f build/default/production/PV/PV.o
 .debug_line      0x0027d2         0x1a build/default/production/Framework/tcpip/src/common/arc4.o
 .debug_line      0x0027ec         0x1a build/default/production/Framework/tcpip/src/common/big_int.o
 .debug_line      0x002806         0xac build/default/production/Framework/tcpip/src/common/delay.o
 .debug_line      0x0028b2         0x1a build/default/production/Framework/tcpip/src/common/hashes.o
 .debug_line      0x0028cc        0x2e0 build/default/production/Framework/tcpip/src/common/helpers.o
 .debug_line      0x002bac         0x1a build/default/production/Framework/tcpip/src/common/mpfs2.o
 .debug_line      0x002bc6         0x1a build/default/production/Framework/tcpip/src/common/rsa.o
 .debug_line      0x002be0        0x1a6 build/default/production/Framework/tcpip/src/common/stack_task.o
 .debug_line      0x002d86        0x1d3 build/default/production/Framework/tcpip/src/common/tick.o
 .debug_line      0x002f59         0xd6 build/default/production/Framework/tcpip/src/common/big_int_helper.o
 .debug_line      0x00302f        0x1e0 build/default/production/Framework/tcpip/src/arp.o
 .debug_line      0x00320f         0x1a build/default/production/Framework/tcpip/src/custom_ssl_cert.o
 .debug_line      0x003229         0x1a build/default/production/Framework/tcpip/src/ddns.o
 .debug_line      0x003243         0x1a build/default/production/Framework/tcpip/src/dhcp_client.o
 .debug_line      0x00325d         0x1a build/default/production/Framework/tcpip/src/dhcp_server.o
 .debug_line      0x003277        0x293 build/default/production/Framework/tcpip/src/dns_client.o
 .debug_line      0x00350a         0x1a build/default/production/Framework/tcpip/src/dns_server.o
 .debug_line      0x003524        0x4e1 build/default/production/Framework/tcpip/src/enc28j60.o
 .debug_line      0x003a05         0x1a build/default/production/Framework/tcpip/src/FTP.o
 .debug_line      0x003a1f         0x1a build/default/production/Framework/tcpip/src/http2.o
 .debug_line      0x003a39        0x1b4 build/default/production/Framework/tcpip/src/icmp.o
 .debug_line      0x003bed        0x19a build/default/production/Framework/tcpip/src/ip.o
 .debug_line      0x003d87        0x1e5 build/default/production/Framework/tcpip/src/nbns.o
 .debug_line      0x003f6c         0x1a build/default/production/Framework/tcpip/src/random.o
 .debug_line      0x003f86         0x1a build/default/production/Framework/tcpip/src/smtp.o
 .debug_line      0x003fa0         0x1a build/default/production/Framework/tcpip/src/ssl.o
 .debug_line      0x003fba        0x7f2 build/default/production/Framework/tcpip/src/tcp.o
 .debug_line      0x0047ac         0x1a build/default/production/Framework/tcpip/src/telnet.o
 .debug_line      0x0047c6        0x2ce build/default/production/Framework/tcpip/src/udp.o
 .debug_line      0x004a94        0x1d3 build/default/production/Framework/tcpip/src/announce.o
 .debug_line      0x004c67        0x118 build/default/production/main.o
 .debug_line      0x004d7f        0x299 build/default/production/user.o

.debug_frame      0x000000       0x2f08
 *(.debug_frame)
 .debug_frame     0x000000         0x7c build/default/production/mcc_generated_files/drivers/i2c_types.o
 .debug_frame     0x00007c        0x3aa build/default/production/mcc_generated_files/drivers/i2c_master.o
 .debug_frame     0x000426        0x14c build/default/production/mcc_generated_files/drivers/i2c_simple_master.o
 .debug_frame     0x000572         0xca build/default/production/mcc_generated_files/spi1.o
 .debug_frame     0x00063c        0x118 build/default/production/mcc_generated_files/reset.o
 .debug_frame     0x000754         0x62 build/default/production/mcc_generated_files/system.o
 .debug_frame     0x0007b6         0x2e build/default/production/mcc_generated_files/clock.o
 .debug_frame     0x0007e4        0x1fa build/default/production/mcc_generated_files/traps.o
 .debug_frame     0x0009de         0x2e build/default/production/mcc_generated_files/interrupt_manager.o
 .debug_frame     0x000a0c         0x2e build/default/production/mcc_generated_files/pin_manager.o
 .debug_frame     0x000a3a        0x18a build/default/production/mcc_generated_files/tmr2.o
 .debug_frame     0x000bc4        0x30a build/default/production/mcc_generated_files/uart1.o
 .debug_frame     0x000ece        0x324 build/default/production/mcc_generated_files/uart2.o
 .debug_frame     0x0011f2         0x2e build/default/production/mcc_generated_files/EEPROM3_example.o
 .debug_frame     0x001220        0x180 build/default/production/mcc_generated_files/EEPROM3_driver.o
 .debug_frame     0x0013a0        0x404 build/default/production/mcc_generated_files/i2c2_driver.o
 .debug_frame     0x0017a4        0x11e build/default/production/Modbus/ModbusTCPClient.o
 .debug_frame     0x0018c2        0x1a2 build/default/production/Modbus/ModbusRTU_Slave.o
 .debug_frame     0x001a64        0x1b4 build/default/production/Modbus/ModbusRTU_Master.o
 .debug_frame     0x001c18         0x62 build/default/production/PV/Inverter/0_Inverter.o
 .debug_frame     0x001c7a         0x82 build/default/production/PV/Inverter/1_SunGrow.o
 .debug_frame     0x001cfc         0x5a build/default/production/PV/Weather/Weather.o
 .debug_frame     0x001d56         0x7c build/default/production/PV/PV.o
 .debug_frame     0x001dd2         0x48 build/default/production/Framework/tcpip/src/common/delay.o
 .debug_frame     0x001e1a        0x1d6 build/default/production/Framework/tcpip/src/common/helpers.o
 .debug_frame     0x001ff0         0x62 build/default/production/Framework/tcpip/src/common/stack_task.o
 .debug_frame     0x002052        0x122 build/default/production/Framework/tcpip/src/common/tick.o
 .debug_frame     0x002174         0xca build/default/production/Framework/tcpip/src/arp.o
 .debug_frame     0x00223e         0xca build/default/production/Framework/tcpip/src/dns_client.o
 .debug_frame     0x002308        0x364 build/default/production/Framework/tcpip/src/enc28j60.o
 .debug_frame     0x00266c         0xb0 build/default/production/Framework/tcpip/src/icmp.o
 .debug_frame     0x00271c         0x7c build/default/production/Framework/tcpip/src/ip.o
 .debug_frame     0x002798         0x7c build/default/production/Framework/tcpip/src/nbns.o
 .debug_frame     0x002814        0x3a0 build/default/production/Framework/tcpip/src/tcp.o
 .debug_frame     0x002bb4        0x1f0 build/default/production/Framework/tcpip/src/udp.o
 .debug_frame     0x002da4         0x62 build/default/production/Framework/tcpip/src/announce.o
 .debug_frame     0x002e06         0x2e build/default/production/main.o
 .debug_frame     0x002e34         0xd4 build/default/production/user.o

.debug_str        0x000000        0x9c9
 *(.debug_str)
 .debug_str       0x000000         0x21 build/default/production/mcc_generated_files/drivers/i2c_master.o
 .debug_str       0x000021          0xd build/default/production/mcc_generated_files/drivers/i2c_simple_master.o
 .debug_str       0x00002e         0x5a build/default/production/mcc_generated_files/spi1.o
 .debug_str       0x000088         0x17 build/default/production/mcc_generated_files/reset.o
 .debug_str       0x00009f          0xc build/default/production/mcc_generated_files/system.o
 .debug_str       0x0000ab         0x1d build/default/production/mcc_generated_files/clock.o
 .debug_str       0x0000c8         0x24 build/default/production/mcc_generated_files/traps.o
 .debug_str       0x0000ec         0x38 build/default/production/mcc_generated_files/interrupt_manager.o
 .debug_str       0x000124         0x4e build/default/production/mcc_generated_files/pin_manager.o
 .debug_str       0x000172         0x32 build/default/production/mcc_generated_files/tmr2.o
 .debug_str       0x0001a4         0xac build/default/production/mcc_generated_files/uart1.o
 .debug_str       0x000250         0xb3 build/default/production/mcc_generated_files/uart2.o
 .debug_str       0x000303         0x15 build/default/production/mcc_generated_files/EEPROM3_example.o
 .debug_str       0x000318         0x4a build/default/production/mcc_generated_files/EEPROM3_driver.o
 .debug_str       0x000362         0x9e build/default/production/mcc_generated_files/i2c2_driver.o
 .debug_str       0x000400         0x61 build/default/production/Modbus/ModbusTCPClient.o
 .debug_str       0x000461         0xbd build/default/production/Modbus/ModbusRTU_Slave.o
 .debug_str       0x00051e         0x8b build/default/production/Modbus/ModbusRTU_Master.o
 .debug_str       0x0005a9         0x26 build/default/production/PV/Inverter/0_Inverter.o
 .debug_str       0x0005cf         0x38 build/default/production/PV/Inverter/1_SunGrow.o
 .debug_str       0x000607         0x31 build/default/production/PV/Weather/Weather.o
 .debug_str       0x000638         0x26 build/default/production/PV/PV.o
 .debug_str       0x00065e          0x9 build/default/production/Framework/tcpip/src/common/helpers.o
 .debug_str       0x000667         0x15 build/default/production/Framework/tcpip/src/common/stack_task.o
 .debug_str       0x00067c         0x3a build/default/production/Framework/tcpip/src/common/tick.o
 .debug_str       0x0006b6         0x18 build/default/production/Framework/tcpip/src/arp.o
 .debug_str       0x0006ce          0xa build/default/production/Framework/tcpip/src/dns_client.o
 .debug_str       0x0006d8         0xd2 build/default/production/Framework/tcpip/src/enc28j60.o
 .debug_str       0x0007aa         0x13 build/default/production/Framework/tcpip/src/ip.o
 .debug_str       0x0007bd         0x23 build/default/production/Framework/tcpip/src/nbns.o
 .debug_str       0x0007e0         0xcb build/default/production/Framework/tcpip/src/tcp.o
 .debug_str       0x0008ab         0x72 build/default/production/Framework/tcpip/src/udp.o
 .debug_str       0x00091d         0x2c build/default/production/Framework/tcpip/src/announce.o
 .debug_str       0x000949         0x30 build/default/production/main.o
 .debug_str       0x000979         0x50 build/default/production/user.o

.debug_loc
 *(.debug_loc)

.debug_macinfo
 *(.debug_macinfo)

.debug_pubnames
                  0x000000       0x1d73
 *(.debug_pubnames)
 .debug_pubnames
                  0x000000         0x62 build/default/production/mcc_generated_files/drivers/i2c_types.o
 .debug_pubnames
                  0x000062        0x190 build/default/production/mcc_generated_files/drivers/i2c_master.o
 .debug_pubnames
                  0x0001f2         0xb9 build/default/production/mcc_generated_files/drivers/i2c_simple_master.o
 .debug_pubnames
                  0x0002ab         0xae build/default/production/mcc_generated_files/spi1.o
 .debug_pubnames
                  0x000359         0x54 build/default/production/mcc_generated_files/reset.o
 .debug_pubnames
                  0x0003ad         0x28 build/default/production/mcc_generated_files/system.o
 .debug_pubnames
                  0x0003d5         0x27 build/default/production/mcc_generated_files/clock.o
 .debug_pubnames
                  0x0003fc         0xa4 build/default/production/mcc_generated_files/traps.o
 .debug_pubnames
                  0x0004a0         0x2b build/default/production/mcc_generated_files/interrupt_manager.o
 .debug_pubnames
                  0x0004cb         0x2d build/default/production/mcc_generated_files/pin_manager.o
 .debug_pubnames
                  0x0004f8        0x156 build/default/production/mcc_generated_files/tmr2.o
 .debug_pubnames
                  0x00064e        0x29e build/default/production/mcc_generated_files/uart1.o
 .debug_pubnames
                  0x0008ec        0x2a8 build/default/production/mcc_generated_files/uart2.o
 .debug_pubnames
                  0x000b94         0x26 build/default/production/mcc_generated_files/EEPROM3_example.o
 .debug_pubnames
                  0x000bba         0x8a build/default/production/mcc_generated_files/EEPROM3_driver.o
 .debug_pubnames
                  0x000c44        0x3f9 build/default/production/mcc_generated_files/i2c2_driver.o
 .debug_pubnames
                  0x00103d         0xac build/default/production/Modbus/ModbusTCPClient.o
 .debug_pubnames
                  0x0010e9         0x5f build/default/production/Modbus/ModbusRTU_Slave.o
 .debug_pubnames
                  0x001148         0x99 build/default/production/Modbus/ModbusRTU_Master.o
 .debug_pubnames
                  0x0011e1         0x77 build/default/production/PV/Inverter/0_Inverter.o
 .debug_pubnames
                  0x001258         0x41 build/default/production/PV/Inverter/1_SunGrow.o
 .debug_pubnames
                  0x001299         0x4f build/default/production/PV/Weather/Weather.o
 .debug_pubnames
                  0x0012e8         0x68 build/default/production/PV/PV.o
 .debug_pubnames
                  0x001350         0x2c build/default/production/Framework/tcpip/src/common/delay.o
 .debug_pubnames
                  0x00137c        0x12e build/default/production/Framework/tcpip/src/common/helpers.o
 .debug_pubnames
                  0x0014aa         0x53 build/default/production/Framework/tcpip/src/common/stack_task.o
 .debug_pubnames
                  0x0014fd         0xb0 build/default/production/Framework/tcpip/src/common/tick.o
 .debug_pubnames
                  0x0015ad         0x6f build/default/production/Framework/tcpip/src/arp.o
 .debug_pubnames
                  0x00161c         0x61 build/default/production/Framework/tcpip/src/dns_client.o
 .debug_pubnames
                  0x00167d        0x1b8 build/default/production/Framework/tcpip/src/enc28j60.o
 .debug_pubnames
                  0x001835         0x7f build/default/production/Framework/tcpip/src/icmp.o
 .debug_pubnames
                  0x0018b4         0x44 build/default/production/Framework/tcpip/src/ip.o
 .debug_pubnames
                  0x0018f8         0x2c build/default/production/Framework/tcpip/src/nbns.o
 .debug_pubnames
                  0x001924        0x1ba build/default/production/Framework/tcpip/src/tcp.o
 .debug_pubnames
                  0x001ade        0x155 build/default/production/Framework/tcpip/src/udp.o
 .debug_pubnames
                  0x001c33         0x44 build/default/production/Framework/tcpip/src/announce.o
 .debug_pubnames
                  0x001c77         0x1b build/default/production/main.o
 .debug_pubnames
                  0x001c92         0xe1 build/default/production/user.o

.debug_ranges
 *(.debug_ranges)

.debug_aranges    0x000000        0x3e8
 *(.debug_aranges)
 .debug_aranges
                  0x000000         0x18 build/default/production/mcc_generated_files/drivers/i2c_types.o
 .debug_aranges
                  0x000018         0x18 build/default/production/mcc_generated_files/drivers/i2c_master.o
 .debug_aranges
                  0x000030         0x18 build/default/production/mcc_generated_files/drivers/i2c_simple_master.o
 .debug_aranges
                  0x000048         0x18 build/default/production/mcc_generated_files/spi1.o
 .debug_aranges
                  0x000060         0x18 build/default/production/mcc_generated_files/reset.o
 .debug_aranges
                  0x000078         0x18 build/default/production/mcc_generated_files/system.o
 .debug_aranges
                  0x000090         0x18 build/default/production/mcc_generated_files/clock.o
 .debug_aranges
                  0x0000a8         0x50 build/default/production/mcc_generated_files/traps.o
 .debug_aranges
                  0x0000f8         0x18 build/default/production/mcc_generated_files/interrupt_manager.o
 .debug_aranges
                  0x000110         0x18 build/default/production/mcc_generated_files/pin_manager.o
 .debug_aranges
                  0x000128         0x18 build/default/production/mcc_generated_files/tmr2.o
 .debug_aranges
                  0x000140         0x18 build/default/production/mcc_generated_files/uart1.o
 .debug_aranges
                  0x000158         0x20 build/default/production/mcc_generated_files/uart2.o
 .debug_aranges
                  0x000178         0x18 build/default/production/mcc_generated_files/EEPROM3_example.o
 .debug_aranges
                  0x000190         0x18 build/default/production/mcc_generated_files/EEPROM3_driver.o
 .debug_aranges
                  0x0001a8         0x18 build/default/production/mcc_generated_files/i2c2_driver.o
 .debug_aranges
                  0x0001c0         0x18 build/default/production/Modbus/ModbusTCPClient.o
 .debug_aranges
                  0x0001d8         0x18 build/default/production/Modbus/ModbusRTU_Slave.o
 .debug_aranges
                  0x0001f0         0x18 build/default/production/Modbus/ModbusRTU_Master.o
 .debug_aranges
                  0x000208         0x18 build/default/production/PV/Inverter/0_Inverter.o
 .debug_aranges
                  0x000220         0x18 build/default/production/PV/Inverter/1_SunGrow.o
 .debug_aranges
                  0x000238         0x18 build/default/production/PV/Weather/Weather.o
 .debug_aranges
                  0x000250         0x18 build/default/production/PV/PV.o
 .debug_aranges
                  0x000268         0x18 build/default/production/Framework/tcpip/src/common/delay.o
 .debug_aranges
                  0x000280         0x18 build/default/production/Framework/tcpip/src/common/helpers.o
 .debug_aranges
                  0x000298         0x18 build/default/production/Framework/tcpip/src/common/stack_task.o
 .debug_aranges
                  0x0002b0         0x18 build/default/production/Framework/tcpip/src/common/tick.o
 .debug_aranges
                  0x0002c8         0x18 build/default/production/Framework/tcpip/src/common/big_int_helper.o
 .debug_aranges
                  0x0002e0         0x18 build/default/production/Framework/tcpip/src/arp.o
 .debug_aranges
                  0x0002f8         0x18 build/default/production/Framework/tcpip/src/dns_client.o
 .debug_aranges
                  0x000310         0x18 build/default/production/Framework/tcpip/src/enc28j60.o
 .debug_aranges
                  0x000328         0x18 build/default/production/Framework/tcpip/src/icmp.o
 .debug_aranges
                  0x000340         0x18 build/default/production/Framework/tcpip/src/ip.o
 .debug_aranges
                  0x000358         0x18 build/default/production/Framework/tcpip/src/nbns.o
 .debug_aranges
                  0x000370         0x18 build/default/production/Framework/tcpip/src/tcp.o
 .debug_aranges
                  0x000388         0x18 build/default/production/Framework/tcpip/src/udp.o
 .debug_aranges
                  0x0003a0         0x18 build/default/production/Framework/tcpip/src/announce.o
 .debug_aranges
                  0x0003b8         0x18 build/default/production/main.o
 .debug_aranges
                  0x0003d0         0x18 build/default/production/user.o
                    0x0000                  WREG0 = 0x0
                    0x0000                  _WREG0 = 0x0
                    0x0002                  WREG1 = 0x2
                    0x0002                  _WREG1 = 0x2
                    0x0004                  WREG2 = 0x4
                    0x0004                  _WREG2 = 0x4
                    0x0006                  WREG3 = 0x6
                    0x0006                  _WREG3 = 0x6
                    0x0008                  WREG4 = 0x8
                    0x0008                  _WREG4 = 0x8
                    0x000a                  WREG5 = 0xa
                    0x000a                  _WREG5 = 0xa
                    0x000c                  WREG6 = 0xc
                    0x000c                  _WREG6 = 0xc
                    0x000e                  WREG7 = 0xe
                    0x000e                  _WREG7 = 0xe
                    0x0010                  WREG8 = 0x10
                    0x0010                  _WREG8 = 0x10
                    0x0012                  WREG9 = 0x12
                    0x0012                  _WREG9 = 0x12
                    0x0014                  WREG10 = 0x14
                    0x0014                  _WREG10 = 0x14
                    0x0016                  WREG11 = 0x16
                    0x0016                  _WREG11 = 0x16
                    0x0018                  WREG12 = 0x18
                    0x0018                  _WREG12 = 0x18
                    0x001a                  WREG13 = 0x1a
                    0x001a                  _WREG13 = 0x1a
                    0x001c                  WREG14 = 0x1c
                    0x001c                  _WREG14 = 0x1c
                    0x001e                  WREG15 = 0x1e
                    0x001e                  _WREG15 = 0x1e
                    0x0020                  SPLIM = 0x20
                    0x0020                  _SPLIM = 0x20
                    0x0022                  ACCAL = 0x22
                    0x0022                  _ACCAL = 0x22
                    0x0024                  ACCAH = 0x24
                    0x0024                  _ACCAH = 0x24
                    0x0026                  ACCAU = 0x26
                    0x0026                  _ACCAU = 0x26
                    0x0028                  ACCBL = 0x28
                    0x0028                  _ACCBL = 0x28
                    0x002a                  ACCBH = 0x2a
                    0x002a                  _ACCBH = 0x2a
                    0x002c                  ACCBU = 0x2c
                    0x002c                  _ACCBU = 0x2c
                    0x002e                  PCL = 0x2e
                    0x002e                  _PCL = 0x2e
                    0x0030                  PCH = 0x30
                    0x0030                  _PCH = 0x30
                    0x0032                  DSRPAG = 0x32
                    0x0032                  _DSRPAG = 0x32
                    0x0032                  _DSRPAGbits = 0x32
                    0x0034                  DSWPAG = 0x34
                    0x0034                  _DSWPAG = 0x34
                    0x0034                  _DSWPAGbits = 0x34
                    0x0036                  RCOUNT = 0x36
                    0x0036                  _RCOUNT = 0x36
                    0x0038                  DCOUNT = 0x38
                    0x0038                  _DCOUNT = 0x38
                    0x003a                  DOSTARTL = 0x3a
                    0x003a                  _DOSTARTL = 0x3a
                    0x003c                  DOSTARTH = 0x3c
                    0x003c                  _DOSTARTH = 0x3c
                    0x003e                  DOENDL = 0x3e
                    0x003e                  _DOENDL = 0x3e
                    0x0040                  DOENDH = 0x40
                    0x0040                  _DOENDH = 0x40
                    0x0042                  SR = 0x42
                    0x0042                  _SR = 0x42
                    0x0042                  _SRbits = 0x42
                    0x0044                  CORCON = 0x44
                    0x0044                  _CORCON = 0x44
                    0x0044                  _CORCONbits = 0x44
                    0x0046                  MODCON = 0x46
                    0x0046                  _MODCON = 0x46
                    0x0046                  _MODCONbits = 0x46
                    0x0048                  XMODSRT = 0x48
                    0x0048                  _XMODSRT = 0x48
                    0x004a                  XMODEND = 0x4a
                    0x004a                  _XMODEND = 0x4a
                    0x004c                  YMODSRT = 0x4c
                    0x004c                  _YMODSRT = 0x4c
                    0x004e                  YMODEND = 0x4e
                    0x004e                  _YMODEND = 0x4e
                    0x0050                  XBREV = 0x50
                    0x0050                  _XBREV = 0x50
                    0x0050                  _XBREVbits = 0x50
                    0x0052                  DISICNT = 0x52
                    0x0052                  _DISICNT = 0x52
                    0x0054                  TBLPAG = 0x54
                    0x0054                  _TBLPAG = 0x54
                    0x0054                  _TBLPAGbits = 0x54
                    0x0058                  MSTRPR = 0x58
                    0x0058                  _MSTRPR = 0x58
                    0x0100                  TMR1 = 0x100
                    0x0100                  _TMR1 = 0x100
                    0x0102                  PR1 = 0x102
                    0x0102                  _PR1 = 0x102
                    0x0104                  T1CON = 0x104
                    0x0104                  _T1CON = 0x104
                    0x0104                  _T1CONbits = 0x104
                    0x0106                  TMR2 = 0x106
                    0x0106                  _TMR2 = 0x106
                    0x0108                  TMR3HLD = 0x108
                    0x0108                  _TMR3HLD = 0x108
                    0x010a                  TMR3 = 0x10a
                    0x010a                  _TMR3 = 0x10a
                    0x010c                  PR2 = 0x10c
                    0x010c                  _PR2 = 0x10c
                    0x010e                  PR3 = 0x10e
                    0x010e                  _PR3 = 0x10e
                    0x0110                  T2CON = 0x110
                    0x0110                  _T2CON = 0x110
                    0x0110                  _T2CONbits = 0x110
                    0x0112                  T3CON = 0x112
                    0x0112                  _T3CON = 0x112
                    0x0112                  _T3CONbits = 0x112
                    0x0114                  TMR4 = 0x114
                    0x0114                  _TMR4 = 0x114
                    0x0116                  TMR5HLD = 0x116
                    0x0116                  _TMR5HLD = 0x116
                    0x0118                  TMR5 = 0x118
                    0x0118                  _TMR5 = 0x118
                    0x011a                  PR4 = 0x11a
                    0x011a                  _PR4 = 0x11a
                    0x011c                  PR5 = 0x11c
                    0x011c                  _PR5 = 0x11c
                    0x011e                  T4CON = 0x11e
                    0x011e                  _T4CON = 0x11e
                    0x011e                  _T4CONbits = 0x11e
                    0x0120                  T5CON = 0x120
                    0x0120                  _T5CON = 0x120
                    0x0120                  _T5CONbits = 0x120
                    0x0122                  TMR6 = 0x122
                    0x0122                  _TMR6 = 0x122
                    0x0124                  TMR7HLD = 0x124
                    0x0124                  _TMR7HLD = 0x124
                    0x0126                  TMR7 = 0x126
                    0x0126                  _TMR7 = 0x126
                    0x0128                  PR6 = 0x128
                    0x0128                  _PR6 = 0x128
                    0x012a                  PR7 = 0x12a
                    0x012a                  _PR7 = 0x12a
                    0x012c                  T6CON = 0x12c
                    0x012c                  _T6CON = 0x12c
                    0x012c                  _T6CONbits = 0x12c
                    0x012e                  T7CON = 0x12e
                    0x012e                  _T7CON = 0x12e
                    0x012e                  _T7CONbits = 0x12e
                    0x0130                  TMR8 = 0x130
                    0x0130                  _TMR8 = 0x130
                    0x0132                  TMR9HLD = 0x132
                    0x0132                  _TMR9HLD = 0x132
                    0x0134                  TMR9 = 0x134
                    0x0134                  _TMR9 = 0x134
                    0x0136                  PR8 = 0x136
                    0x0136                  _PR8 = 0x136
                    0x0138                  PR9 = 0x138
                    0x0138                  _PR9 = 0x138
                    0x013a                  T8CON = 0x13a
                    0x013a                  _T8CON = 0x13a
                    0x013a                  _T8CONbits = 0x13a
                    0x013c                  T9CON = 0x13c
                    0x013c                  _T9CON = 0x13c
                    0x013c                  _T9CONbits = 0x13c
                    0x0140                  IC1CON1 = 0x140
                    0x0140                  _IC1CON1 = 0x140
                    0x0140                  _IC1CON1bits = 0x140
                    0x0142                  IC1CON2 = 0x142
                    0x0142                  _IC1CON2 = 0x142
                    0x0142                  _IC1CON2bits = 0x142
                    0x0144                  IC1BUF = 0x144
                    0x0144                  _IC1BUF = 0x144
                    0x0146                  IC1TMR = 0x146
                    0x0146                  _IC1TMR = 0x146
                    0x0148                  IC2CON1 = 0x148
                    0x0148                  _IC2CON1 = 0x148
                    0x0148                  _IC2CON1bits = 0x148
                    0x014a                  IC2CON2 = 0x14a
                    0x014a                  _IC2CON2 = 0x14a
                    0x014a                  _IC2CON2bits = 0x14a
                    0x014c                  IC2BUF = 0x14c
                    0x014c                  _IC2BUF = 0x14c
                    0x014e                  IC2TMR = 0x14e
                    0x014e                  _IC2TMR = 0x14e
                    0x0150                  IC3CON1 = 0x150
                    0x0150                  _IC3CON1 = 0x150
                    0x0150                  _IC3CON1bits = 0x150
                    0x0152                  IC3CON2 = 0x152
                    0x0152                  _IC3CON2 = 0x152
                    0x0152                  _IC3CON2bits = 0x152
                    0x0154                  IC3BUF = 0x154
                    0x0154                  _IC3BUF = 0x154
                    0x0156                  IC3TMR = 0x156
                    0x0156                  _IC3TMR = 0x156
                    0x0158                  IC4CON1 = 0x158
                    0x0158                  _IC4CON1 = 0x158
                    0x0158                  _IC4CON1bits = 0x158
                    0x015a                  IC4CON2 = 0x15a
                    0x015a                  _IC4CON2 = 0x15a
                    0x015a                  _IC4CON2bits = 0x15a
                    0x015c                  IC4BUF = 0x15c
                    0x015c                  _IC4BUF = 0x15c
                    0x015e                  IC4TMR = 0x15e
                    0x015e                  _IC4TMR = 0x15e
                    0x0160                  IC5CON1 = 0x160
                    0x0160                  _IC5CON1 = 0x160
                    0x0160                  _IC5CON1bits = 0x160
                    0x0162                  IC5CON2 = 0x162
                    0x0162                  _IC5CON2 = 0x162
                    0x0162                  _IC5CON2bits = 0x162
                    0x0164                  IC5BUF = 0x164
                    0x0164                  _IC5BUF = 0x164
                    0x0166                  IC5TMR = 0x166
                    0x0166                  _IC5TMR = 0x166
                    0x0168                  IC6CON1 = 0x168
                    0x0168                  _IC6CON1 = 0x168
                    0x0168                  _IC6CON1bits = 0x168
                    0x016a                  IC6CON2 = 0x16a
                    0x016a                  _IC6CON2 = 0x16a
                    0x016a                  _IC6CON2bits = 0x16a
                    0x016c                  IC6BUF = 0x16c
                    0x016c                  _IC6BUF = 0x16c
                    0x016e                  IC6TMR = 0x16e
                    0x016e                  _IC6TMR = 0x16e
                    0x0170                  IC7CON1 = 0x170
                    0x0170                  _IC7CON1 = 0x170
                    0x0170                  _IC7CON1bits = 0x170
                    0x0172                  IC7CON2 = 0x172
                    0x0172                  _IC7CON2 = 0x172
                    0x0172                  _IC7CON2bits = 0x172
                    0x0174                  IC7BUF = 0x174
                    0x0174                  _IC7BUF = 0x174
                    0x0176                  IC7TMR = 0x176
                    0x0176                  _IC7TMR = 0x176
                    0x0178                  IC8CON1 = 0x178
                    0x0178                  _IC8CON1 = 0x178
                    0x0178                  _IC8CON1bits = 0x178
                    0x017a                  IC8CON2 = 0x17a
                    0x017a                  _IC8CON2 = 0x17a
                    0x017a                  _IC8CON2bits = 0x17a
                    0x017c                  IC8BUF = 0x17c
                    0x017c                  _IC8BUF = 0x17c
                    0x017e                  IC8TMR = 0x17e
                    0x017e                  _IC8TMR = 0x17e
                    0x0180                  IC9CON1 = 0x180
                    0x0180                  _IC9CON1 = 0x180
                    0x0180                  _IC9CON1bits = 0x180
                    0x0182                  IC9CON2 = 0x182
                    0x0182                  _IC9CON2 = 0x182
                    0x0182                  _IC9CON2bits = 0x182
                    0x0184                  IC9BUF = 0x184
                    0x0184                  _IC9BUF = 0x184
                    0x0186                  IC9TMR = 0x186
                    0x0186                  _IC9TMR = 0x186
                    0x0188                  IC10CON1 = 0x188
                    0x0188                  _IC10CON1 = 0x188
                    0x0188                  _IC10CON1bits = 0x188
                    0x018a                  IC10CON2 = 0x18a
                    0x018a                  _IC10CON2 = 0x18a
                    0x018a                  _IC10CON2bits = 0x18a
                    0x018c                  IC10BUF = 0x18c
                    0x018c                  _IC10BUF = 0x18c
                    0x018e                  IC10TMR = 0x18e
                    0x018e                  _IC10TMR = 0x18e
                    0x0190                  IC11CON1 = 0x190
                    0x0190                  _IC11CON1 = 0x190
                    0x0190                  _IC11CON1bits = 0x190
                    0x0192                  IC11CON2 = 0x192
                    0x0192                  _IC11CON2 = 0x192
                    0x0192                  _IC11CON2bits = 0x192
                    0x0194                  IC11BUF = 0x194
                    0x0194                  _IC11BUF = 0x194
                    0x0196                  IC11TMR = 0x196
                    0x0196                  _IC11TMR = 0x196
                    0x0198                  IC12CON1 = 0x198
                    0x0198                  _IC12CON1 = 0x198
                    0x0198                  _IC12CON1bits = 0x198
                    0x019a                  IC12CON2 = 0x19a
                    0x019a                  _IC12CON2 = 0x19a
                    0x019a                  _IC12CON2bits = 0x19a
                    0x019c                  IC12BUF = 0x19c
                    0x019c                  _IC12BUF = 0x19c
                    0x019e                  IC12TMR = 0x19e
                    0x019e                  _IC12TMR = 0x19e
                    0x01a0                  IC13CON1 = 0x1a0
                    0x01a0                  _IC13CON1 = 0x1a0
                    0x01a0                  _IC13CON1bits = 0x1a0
                    0x01a2                  IC13CON2 = 0x1a2
                    0x01a2                  _IC13CON2 = 0x1a2
                    0x01a2                  _IC13CON2bits = 0x1a2
                    0x01a4                  IC13BUF = 0x1a4
                    0x01a4                  _IC13BUF = 0x1a4
                    0x01a6                  IC13TMR = 0x1a6
                    0x01a6                  _IC13TMR = 0x1a6
                    0x01a8                  IC14CON1 = 0x1a8
                    0x01a8                  _IC14CON1 = 0x1a8
                    0x01a8                  _IC14CON1bits = 0x1a8
                    0x01aa                  IC14CON2 = 0x1aa
                    0x01aa                  _IC14CON2 = 0x1aa
                    0x01aa                  _IC14CON2bits = 0x1aa
                    0x01ac                  IC14BUF = 0x1ac
                    0x01ac                  _IC14BUF = 0x1ac
                    0x01ae                  IC14TMR = 0x1ae
                    0x01ae                  _IC14TMR = 0x1ae
                    0x01b0                  IC15CON1 = 0x1b0
                    0x01b0                  _IC15CON1 = 0x1b0
                    0x01b0                  _IC15CON1bits = 0x1b0
                    0x01b2                  IC15CON2 = 0x1b2
                    0x01b2                  _IC15CON2 = 0x1b2
                    0x01b2                  _IC15CON2bits = 0x1b2
                    0x01b4                  IC15BUF = 0x1b4
                    0x01b4                  _IC15BUF = 0x1b4
                    0x01b6                  IC15TMR = 0x1b6
                    0x01b6                  _IC15TMR = 0x1b6
                    0x01b8                  IC16CON1 = 0x1b8
                    0x01b8                  _IC16CON1 = 0x1b8
                    0x01b8                  _IC16CON1bits = 0x1b8
                    0x01ba                  IC16CON2 = 0x1ba
                    0x01ba                  _IC16CON2 = 0x1ba
                    0x01ba                  _IC16CON2bits = 0x1ba
                    0x01bc                  IC16BUF = 0x1bc
                    0x01bc                  _IC16BUF = 0x1bc
                    0x01be                  IC16TMR = 0x1be
                    0x01be                  _IC16TMR = 0x1be
                    0x01c0                  QEI1CON = 0x1c0
                    0x01c0                  _QEI1CON = 0x1c0
                    0x01c0                  _QEI1CONbits = 0x1c0
                    0x01c2                  QEI1IOC = 0x1c2
                    0x01c2                  _QEI1IOC = 0x1c2
                    0x01c2                  _QEI1IOCbits = 0x1c2
                    0x01c4                  QEI1STAT = 0x1c4
                    0x01c4                  _QEI1STAT = 0x1c4
                    0x01c4                  _QEI1STATbits = 0x1c4
                    0x01c6                  POS1CNTL = 0x1c6
                    0x01c6                  _POS1CNTL = 0x1c6
                    0x01c8                  POS1CNTH = 0x1c8
                    0x01c8                  _POS1CNTH = 0x1c8
                    0x01ca                  POS1HLD = 0x1ca
                    0x01ca                  _POS1HLD = 0x1ca
                    0x01cc                  VEL1CNT = 0x1cc
                    0x01cc                  _VEL1CNT = 0x1cc
                    0x01ce                  INT1TMRL = 0x1ce
                    0x01ce                  _INT1TMRL = 0x1ce
                    0x01d0                  INT1TMRH = 0x1d0
                    0x01d0                  _INT1TMRH = 0x1d0
                    0x01d2                  INT1HLDL = 0x1d2
                    0x01d2                  _INT1HLDL = 0x1d2
                    0x01d4                  INT1HLDH = 0x1d4
                    0x01d4                  _INT1HLDH = 0x1d4
                    0x01d6                  INDX1CNTL = 0x1d6
                    0x01d6                  _INDX1CNTL = 0x1d6
                    0x01d8                  INDX1CNTH = 0x1d8
                    0x01d8                  _INDX1CNTH = 0x1d8
                    0x01da                  INDX1HLD = 0x1da
                    0x01da                  _INDX1HLD = 0x1da
                    0x01dc                  QEI1GECL = 0x1dc
                    0x01dc                  _QEI1GECL = 0x1dc
                    0x01dc                  QEI1ICL = 0x1dc
                    0x01dc                  _QEI1ICL = 0x1dc
                    0x01de                  QEI1GECH = 0x1de
                    0x01de                  _QEI1GECH = 0x1de
                    0x01de                  QEI1ICH = 0x1de
                    0x01de                  _QEI1ICH = 0x1de
                    0x01e0                  QEI1LECL = 0x1e0
                    0x01e0                  _QEI1LECL = 0x1e0
                    0x01e2                  QEI1LECH = 0x1e2
                    0x01e2                  _QEI1LECH = 0x1e2
                    0x0200                  I2C1RCV = 0x200
                    0x0200                  _I2C1RCV = 0x200
                    0x0202                  I2C1TRN = 0x202
                    0x0202                  _I2C1TRN = 0x202
                    0x0204                  I2C1BRG = 0x204
                    0x0204                  _I2C1BRG = 0x204
                    0x0206                  I2C1CON = 0x206
                    0x0206                  _I2C1CON = 0x206
                    0x0206                  _I2C1CONbits = 0x206
                    0x0208                  I2C1STAT = 0x208
                    0x0208                  _I2C1STAT = 0x208
                    0x0208                  _I2C1STATbits = 0x208
                    0x020a                  I2C1ADD = 0x20a
                    0x020a                  _I2C1ADD = 0x20a
                    0x020c                  I2C1MSK = 0x20c
                    0x020c                  _I2C1MSK = 0x20c
                    0x0210                  I2C2RCV = 0x210
                    0x0210                  _I2C2RCV = 0x210
                    0x0212                  I2C2TRN = 0x212
                    0x0212                  _I2C2TRN = 0x212
                    0x0214                  I2C2BRG = 0x214
                    0x0214                  _I2C2BRG = 0x214
                    0x0216                  I2C2CON = 0x216
                    0x0216                  _I2C2CON = 0x216
                    0x0216                  _I2C2CONbits = 0x216
                    0x0218                  I2C2STAT = 0x218
                    0x0218                  _I2C2STAT = 0x218
                    0x0218                  _I2C2STATbits = 0x218
                    0x021a                  I2C2ADD = 0x21a
                    0x021a                  _I2C2ADD = 0x21a
                    0x021c                  I2C2MSK = 0x21c
                    0x021c                  _I2C2MSK = 0x21c
                    0x0220                  U1MODE = 0x220
                    0x0220                  _U1MODE = 0x220
                    0x0220                  _U1MODEbits = 0x220
                    0x0222                  U1STA = 0x222
                    0x0222                  _U1STA = 0x222
                    0x0222                  _U1STAbits = 0x222
                    0x0224                  U1TXREG = 0x224
                    0x0224                  _U1TXREG = 0x224
                    0x0226                  U1RXREG = 0x226
                    0x0226                  _U1RXREG = 0x226
                    0x0228                  U1BRG = 0x228
                    0x0228                  _U1BRG = 0x228
                    0x0230                  U2MODE = 0x230
                    0x0230                  _U2MODE = 0x230
                    0x0230                  _U2MODEbits = 0x230
                    0x0232                  U2STA = 0x232
                    0x0232                  _U2STA = 0x232
                    0x0232                  _U2STAbits = 0x232
                    0x0234                  U2TXREG = 0x234
                    0x0234                  _U2TXREG = 0x234
                    0x0236                  U2RXREG = 0x236
                    0x0236                  _U2RXREG = 0x236
                    0x0238                  U2BRG = 0x238
                    0x0238                  _U2BRG = 0x238
                    0x0240                  SPI1STAT = 0x240
                    0x0240                  _SPI1STAT = 0x240
                    0x0240                  _SPI1STATbits = 0x240
                    0x0242                  SPI1CON1 = 0x242
                    0x0242                  _SPI1CON1 = 0x242
                    0x0242                  _SPI1CON1bits = 0x242
                    0x0244                  SPI1CON2 = 0x244
                    0x0244                  _SPI1CON2 = 0x244
                    0x0244                  _SPI1CON2bits = 0x244
                    0x0248                  SPI1BUF = 0x248
                    0x0248                  _SPI1BUF = 0x248
                    0x0250                  U3MODE = 0x250
                    0x0250                  _U3MODE = 0x250
                    0x0250                  _U3MODEbits = 0x250
                    0x0252                  U3STA = 0x252
                    0x0252                  _U3STA = 0x252
                    0x0252                  _U3STAbits = 0x252
                    0x0254                  U3TXREG = 0x254
                    0x0254                  _U3TXREG = 0x254
                    0x0256                  U3RXREG = 0x256
                    0x0256                  _U3RXREG = 0x256
                    0x0258                  U3BRG = 0x258
                    0x0258                  _U3BRG = 0x258
                    0x0260                  SPI2STAT = 0x260
                    0x0260                  _SPI2STAT = 0x260
                    0x0260                  _SPI2STATbits = 0x260
                    0x0262                  SPI2CON1 = 0x262
                    0x0262                  _SPI2CON1 = 0x262
                    0x0262                  _SPI2CON1bits = 0x262
                    0x0264                  SPI2CON2 = 0x264
                    0x0264                  _SPI2CON2 = 0x264
                    0x0264                  _SPI2CON2bits = 0x264
                    0x0268                  SPI2BUF = 0x268
                    0x0268                  _SPI2BUF = 0x268
                    0x0280                  DCICON1 = 0x280
                    0x0280                  _DCICON1 = 0x280
                    0x0280                  _DCICON1bits = 0x280
                    0x0282                  DCICON2 = 0x282
                    0x0282                  _DCICON2 = 0x282
                    0x0282                  _DCICON2bits = 0x282
                    0x0284                  DCICON3 = 0x284
                    0x0284                  _DCICON3 = 0x284
                    0x0284                  _DCICON3bits = 0x284
                    0x0286                  DCISTAT = 0x286
                    0x0286                  _DCISTAT = 0x286
                    0x0286                  _DCISTATbits = 0x286
                    0x0288                  TSCON = 0x288
                    0x0288                  _TSCON = 0x288
                    0x0288                  _TSCONbits = 0x288
                    0x028c                  RSCON = 0x28c
                    0x028c                  _RSCON = 0x28c
                    0x028c                  _RSCONbits = 0x28c
                    0x0290                  RXBUF0 = 0x290
                    0x0290                  _RXBUF0 = 0x290
                    0x0292                  RXBUF1 = 0x292
                    0x0292                  _RXBUF1 = 0x292
                    0x0294                  RXBUF2 = 0x294
                    0x0294                  _RXBUF2 = 0x294
                    0x0296                  RXBUF3 = 0x296
                    0x0296                  _RXBUF3 = 0x296
                    0x0298                  TXBUF0 = 0x298
                    0x0298                  _TXBUF0 = 0x298
                    0x029a                  TXBUF1 = 0x29a
                    0x029a                  _TXBUF1 = 0x29a
                    0x029c                  TXBUF2 = 0x29c
                    0x029c                  _TXBUF2 = 0x29c
                    0x029e                  TXBUF3 = 0x29e
                    0x029e                  _TXBUF3 = 0x29e
                    0x02a0                  SPI3STAT = 0x2a0
                    0x02a0                  _SPI3STAT = 0x2a0
                    0x02a0                  _SPI3STATbits = 0x2a0
                    0x02a2                  SPI3CON1 = 0x2a2
                    0x02a2                  _SPI3CON1 = 0x2a2
                    0x02a2                  _SPI3CON1bits = 0x2a2
                    0x02a4                  SPI3CON2 = 0x2a4
                    0x02a4                  _SPI3CON2 = 0x2a4
                    0x02a4                  _SPI3CON2bits = 0x2a4
                    0x02a8                  SPI3BUF = 0x2a8
                    0x02a8                  _SPI3BUF = 0x2a8
                    0x02b0                  U4MODE = 0x2b0
                    0x02b0                  _U4MODE = 0x2b0
                    0x02b0                  _U4MODEbits = 0x2b0
                    0x02b2                  U4STA = 0x2b2
                    0x02b2                  _U4STA = 0x2b2
                    0x02b2                  _U4STAbits = 0x2b2
                    0x02b4                  U4TXREG = 0x2b4
                    0x02b4                  _U4TXREG = 0x2b4
                    0x02b6                  U4RXREG = 0x2b6
                    0x02b6                  _U4RXREG = 0x2b6
                    0x02b8                  U4BRG = 0x2b8
                    0x02b8                  _U4BRG = 0x2b8
                    0x02c0                  SPI4STAT = 0x2c0
                    0x02c0                  _SPI4STAT = 0x2c0
                    0x02c0                  _SPI4STATbits = 0x2c0
                    0x02c2                  SPI4CON1 = 0x2c2
                    0x02c2                  _SPI4CON1 = 0x2c2
                    0x02c2                  _SPI4CON1bits = 0x2c2
                    0x02c4                  SPI4CON2 = 0x2c4
                    0x02c4                  _SPI4CON2 = 0x2c4
                    0x02c4                  _SPI4CON2bits = 0x2c4
                    0x02c8                  SPI4BUF = 0x2c8
                    0x02c8                  _SPI4BUF = 0x2c8
                    0x0300                  ADC1BUF0 = 0x300
                    0x0300                  _ADC1BUF0 = 0x300
                    0x0302                  ADC1BUF1 = 0x302
                    0x0302                  _ADC1BUF1 = 0x302
                    0x0304                  ADC1BUF2 = 0x304
                    0x0304                  _ADC1BUF2 = 0x304
                    0x0306                  ADC1BUF3 = 0x306
                    0x0306                  _ADC1BUF3 = 0x306
                    0x0308                  ADC1BUF4 = 0x308
                    0x0308                  _ADC1BUF4 = 0x308
                    0x030a                  ADC1BUF5 = 0x30a
                    0x030a                  _ADC1BUF5 = 0x30a
                    0x030c                  ADC1BUF6 = 0x30c
                    0x030c                  _ADC1BUF6 = 0x30c
                    0x030e                  ADC1BUF7 = 0x30e
                    0x030e                  _ADC1BUF7 = 0x30e
                    0x0310                  ADC1BUF8 = 0x310
                    0x0310                  _ADC1BUF8 = 0x310
                    0x0312                  ADC1BUF9 = 0x312
                    0x0312                  _ADC1BUF9 = 0x312
                    0x0314                  ADC1BUFA = 0x314
                    0x0314                  _ADC1BUFA = 0x314
                    0x0316                  ADC1BUFB = 0x316
                    0x0316                  _ADC1BUFB = 0x316
                    0x0318                  ADC1BUFC = 0x318
                    0x0318                  _ADC1BUFC = 0x318
                    0x031a                  ADC1BUFD = 0x31a
                    0x031a                  _ADC1BUFD = 0x31a
                    0x031c                  ADC1BUFE = 0x31c
                    0x031c                  _ADC1BUFE = 0x31c
                    0x031e                  ADC1BUFF = 0x31e
                    0x031e                  _ADC1BUFF = 0x31e
                    0x0320                  AD1CON1 = 0x320
                    0x0320                  _AD1CON1 = 0x320
                    0x0320                  _AD1CON1bits = 0x320
                    0x0322                  AD1CON2 = 0x322
                    0x0322                  _AD1CON2 = 0x322
                    0x0322                  _AD1CON2bits = 0x322
                    0x0324                  AD1CON3 = 0x324
                    0x0324                  _AD1CON3 = 0x324
                    0x0324                  _AD1CON3bits = 0x324
                    0x0326                  AD1CHS123 = 0x326
                    0x0326                  _AD1CHS123 = 0x326
                    0x0326                  _AD1CHS123bits = 0x326
                    0x0328                  AD1CHS0 = 0x328
                    0x0328                  _AD1CHS0 = 0x328
                    0x0328                  _AD1CHS0bits = 0x328
                    0x032e                  AD1CSSH = 0x32e
                    0x032e                  _AD1CSSH = 0x32e
                    0x032e                  _AD1CSSHbits = 0x32e
                    0x0330                  AD1CSSL = 0x330
                    0x0330                  _AD1CSSL = 0x330
                    0x0330                  _AD1CSSLbits = 0x330
                    0x0332                  AD1CON4 = 0x332
                    0x0332                  _AD1CON4 = 0x332
                    0x0332                  _AD1CON4bits = 0x332
                    0x0340                  ADC2BUF0 = 0x340
                    0x0340                  _ADC2BUF0 = 0x340
                    0x0342                  ADC2BUF1 = 0x342
                    0x0342                  _ADC2BUF1 = 0x342
                    0x0344                  ADC2BUF2 = 0x344
                    0x0344                  _ADC2BUF2 = 0x344
                    0x0346                  ADC2BUF3 = 0x346
                    0x0346                  _ADC2BUF3 = 0x346
                    0x0348                  ADC2BUF4 = 0x348
                    0x0348                  _ADC2BUF4 = 0x348
                    0x034a                  ADC2BUF5 = 0x34a
                    0x034a                  _ADC2BUF5 = 0x34a
                    0x034c                  ADC2BUF6 = 0x34c
                    0x034c                  _ADC2BUF6 = 0x34c
                    0x034e                  ADC2BUF7 = 0x34e
                    0x034e                  _ADC2BUF7 = 0x34e
                    0x0350                  ADC2BUF8 = 0x350
                    0x0350                  _ADC2BUF8 = 0x350
                    0x0352                  ADC2BUF9 = 0x352
                    0x0352                  _ADC2BUF9 = 0x352
                    0x0354                  ADC2BUFA = 0x354
                    0x0354                  _ADC2BUFA = 0x354
                    0x0356                  ADC2BUFB = 0x356
                    0x0356                  _ADC2BUFB = 0x356
                    0x0358                  ADC2BUFC = 0x358
                    0x0358                  _ADC2BUFC = 0x358
                    0x035a                  ADC2BUFD = 0x35a
                    0x035a                  _ADC2BUFD = 0x35a
                    0x035c                  ADC2BUFE = 0x35c
                    0x035c                  _ADC2BUFE = 0x35c
                    0x035e                  ADC2BUFF = 0x35e
                    0x035e                  _ADC2BUFF = 0x35e
                    0x0360                  AD2CON1 = 0x360
                    0x0360                  _AD2CON1 = 0x360
                    0x0360                  _AD2CON1bits = 0x360
                    0x0362                  AD2CON2 = 0x362
                    0x0362                  _AD2CON2 = 0x362
                    0x0362                  _AD2CON2bits = 0x362
                    0x0364                  AD2CON3 = 0x364
                    0x0364                  _AD2CON3 = 0x364
                    0x0364                  _AD2CON3bits = 0x364
                    0x0366                  AD2CHS123 = 0x366
                    0x0366                  _AD2CHS123 = 0x366
                    0x0366                  _AD2CHS123bits = 0x366
                    0x0368                  AD2CHS0 = 0x368
                    0x0368                  _AD2CHS0 = 0x368
                    0x0368                  _AD2CHS0bits = 0x368
                    0x0370                  AD2CSSL = 0x370
                    0x0370                  _AD2CSSL = 0x370
                    0x0370                  _AD2CSSLbits = 0x370
                    0x0372                  AD2CON4 = 0x372
                    0x0372                  _AD2CON4 = 0x372
                    0x0372                  _AD2CON4bits = 0x372
                    0x0400                  C1CTRL1 = 0x400
                    0x0400                  _C1CTRL1 = 0x400
                    0x0400                  _C1CTRL1bits = 0x400
                    0x0402                  C1CTRL2 = 0x402
                    0x0402                  _C1CTRL2 = 0x402
                    0x0402                  _C1CTRL2bits = 0x402
                    0x0404                  C1VEC = 0x404
                    0x0404                  _C1VEC = 0x404
                    0x0404                  _C1VECbits = 0x404
                    0x0406                  C1FCTRL = 0x406
                    0x0406                  _C1FCTRL = 0x406
                    0x0406                  _C1FCTRLbits = 0x406
                    0x0408                  C1FIFO = 0x408
                    0x0408                  _C1FIFO = 0x408
                    0x0408                  _C1FIFObits = 0x408
                    0x040a                  C1INTF = 0x40a
                    0x040a                  _C1INTF = 0x40a
                    0x040a                  _C1INTFbits = 0x40a
                    0x040c                  C1INTE = 0x40c
                    0x040c                  _C1INTE = 0x40c
                    0x040c                  _C1INTEbits = 0x40c
                    0x040e                  C1EC = 0x40e
                    0x040e                  _C1EC = 0x40e
                    0x040e                  _C1ECbits = 0x40e
                    0x040e                  C1RERRCNT = 0x40e
                    0x040e                  _C1RERRCNT = 0x40e
                    0x040f                  C1TERRCNT = 0x40f
                    0x040f                  _C1TERRCNT = 0x40f
                    0x0410                  C1CFG1 = 0x410
                    0x0410                  _C1CFG1 = 0x410
                    0x0410                  _C1CFG1bits = 0x410
                    0x0412                  C1CFG2 = 0x412
                    0x0412                  _C1CFG2 = 0x412
                    0x0412                  _C1CFG2bits = 0x412
                    0x0414                  C1FEN1 = 0x414
                    0x0414                  _C1FEN1 = 0x414
                    0x0414                  _C1FEN1bits = 0x414
                    0x0418                  C1FMSKSEL1 = 0x418
                    0x0418                  _C1FMSKSEL1 = 0x418
                    0x0418                  _C1FMSKSEL1bits = 0x418
                    0x041a                  C1FMSKSEL2 = 0x41a
                    0x041a                  _C1FMSKSEL2 = 0x41a
                    0x041a                  _C1FMSKSEL2bits = 0x41a
                    0x0420                  C1BUFPNT1 = 0x420
                    0x0420                  _C1BUFPNT1 = 0x420
                    0x0420                  _C1BUFPNT1bits = 0x420
                    0x0420                  C1RXFUL1 = 0x420
                    0x0420                  _C1RXFUL1 = 0x420
                    0x0420                  _C1RXFUL1bits = 0x420
                    0x0422                  C1BUFPNT2 = 0x422
                    0x0422                  _C1BUFPNT2 = 0x422
                    0x0422                  _C1BUFPNT2bits = 0x422
                    0x0422                  C1RXFUL2 = 0x422
                    0x0422                  _C1RXFUL2 = 0x422
                    0x0422                  _C1RXFUL2bits = 0x422
                    0x0424                  C1BUFPNT3 = 0x424